mi-easy-default-full: mirroredRows=320/640 direct=100.5ms mirrored=53.2ms speedup median=1.951 p90=2.127 mismatches=0
mi-easy-exterior-heavy: mirroredRows=0/640 (no exact conjugate rows; not paired)
mi-easy-exterior-heavy@im0: mirroredRows=320/640 direct=62.4ms mirrored=32.6ms speedup median=1.892 p90=2.101 mismatches=0
mi-easy-main-cardioid: mirroredRows=78/640 direct=80.6ms mirrored=70.6ms speedup median=1.135 p90=1.215 mismatches=0
mi-easy-main-cardioid@im0: mirroredRows=320/640 direct=80.8ms mirrored=42.7ms speedup median=1.931 p90=2.013 mismatches=0
mi-easy-period2-bulb: mirroredRows=0/640 (no exact conjugate rows; not paired)
mi-easy-period2-bulb@im0: mirroredRows=320/640 direct=52.5ms mirrored=27.3ms speedup median=1.879 p90=2.062 mismatches=0
mi-hard-rabbit-boundary: mirroredRows=0/640 (no exact conjugate rows; not paired)
mi-hard-rabbit-boundary@im0: mirroredRows=320/640 direct=82.4ms mirrored=42.3ms speedup median=1.934 p90=2.016 mismatches=0
mi-hard-supplied-126x: mirroredRows=0/640 (no exact conjugate rows; not paired)
mi-hard-supplied-126x@im0: mirroredRows=320/640 direct=69.0ms mirrored=35.9ms speedup median=1.917 p90=1.988 mismatches=0
mi-hard-supplied-609x: mirroredRows=0/640 (no exact conjugate rows; not paired)
mi-hard-supplied-609x@im0: mirroredRows=320/640 direct=177.1ms mirrored=89.5ms speedup median=1.975 p90=2.131 mismatches=0
mi-hard-supplied-13x: mirroredRows=0/640 (no exact conjugate rows; not paired)
mi-hard-supplied-13x@im0: mirroredRows=320/640 direct=99.8ms mirrored=51.0ms speedup median=1.960 p90=2.121 mismatches=0
mi-fallback-unknown-high-period: mirroredRows=0/640 (no exact conjugate rows; not paired)
mi-fallback-unknown-high-period@im0: mirroredRows=320/640 direct=65.9ms mirrored=35.2ms speedup median=1.889 p90=2.050 mismatches=0
mi-fallback-weak-attraction: mirroredRows=0/640 (no exact conjugate rows; not paired)
mi-fallback-weak-attraction@im0: mirroredRows=320/640 direct=74.4ms mirrored=39.3ms speedup median=1.927 p90=2.107 mismatches=0
mi-fallback-ambiguous-boundary: mirroredRows=32/640 direct=123.7ms mirrored=118.7ms speedup median=1.034 p90=1.110 mismatches=0
mi-fallback-ambiguous-boundary@im0: mirroredRows=320/640 direct=87.4ms mirrored=45.5ms speedup median=1.919 p90=1.961 mismatches=0
mi-fallback-budget-exhaustion: mirroredRows=320/640 direct=1073.4ms mirrored=536.3ms speedup median=2.006 p90=2.047 mismatches=0
mi-scale-6mx-basilica-rim: mirroredRows=320/640 direct=965.1ms mirrored=484.8ms speedup median=2.011 p90=2.141 mismatches=0
