mi-easy-default-full: mirroredRows=320/640 direct=378.2ms mirrored=189.6ms speedup median=1.985 p90=2.076 mismatches=0
mi-easy-exterior-heavy: mirroredRows=0/640 (no exact conjugate rows; not paired)
mi-easy-exterior-heavy@im0: mirroredRows=320/640 direct=51.9ms mirrored=27.2ms speedup median=1.903 p90=2.193 mismatches=0
mi-easy-main-cardioid: mirroredRows=78/640 direct=62.6ms mirrored=56.3ms speedup median=1.108 p90=1.175 mismatches=0
mi-easy-main-cardioid@im0: mirroredRows=320/640 direct=64.6ms mirrored=34.8ms speedup median=1.867 p90=2.107 mismatches=0
mi-easy-period2-bulb: mirroredRows=0/640 (no exact conjugate rows; not paired)
mi-easy-period2-bulb@im0: mirroredRows=320/640 direct=48.6ms mirrored=25.5ms speedup median=1.899 p90=2.203 mismatches=0
mi-hard-rabbit-boundary: mirroredRows=0/640 (no exact conjugate rows; not paired)
mi-hard-rabbit-boundary@im0: mirroredRows=320/640 direct=61.8ms mirrored=33.7ms speedup median=1.888 p90=2.056 mismatches=0
mi-hard-supplied-126x: mirroredRows=0/640 (no exact conjugate rows; not paired)
mi-hard-supplied-126x@im0: mirroredRows=320/640 direct=60.3ms mirrored=31.3ms speedup median=1.937 p90=2.131 mismatches=0
mi-hard-supplied-609x: mirroredRows=0/640 (no exact conjugate rows; not paired)
mi-hard-supplied-609x@im0: mirroredRows=320/640 direct=2886.8ms mirrored=1443.8ms speedup median=2.004 p90=2.099 mismatches=0
mi-hard-supplied-13x: mirroredRows=0/640 (no exact conjugate rows; not paired)
mi-hard-supplied-13x@im0: mirroredRows=320/640 direct=1061.4ms mirrored=532.6ms speedup median=1.951 p90=2.036 mismatches=0
mi-fallback-unknown-high-period: mirroredRows=0/640 (no exact conjugate rows; not paired)
mi-fallback-unknown-high-period@im0: mirroredRows=320/640 direct=75.7ms mirrored=39.4ms speedup median=1.967 p90=2.112 mismatches=0
mi-fallback-weak-attraction: mirroredRows=0/640 (no exact conjugate rows; not paired)
mi-fallback-weak-attraction@im0: mirroredRows=320/640 direct=62.2ms mirrored=31.3ms speedup median=1.929 p90=2.121 mismatches=0
mi-fallback-ambiguous-boundary: mirroredRows=32/640 direct=743.4ms mirrored=740.6ms speedup median=1.017 p90=1.029 mismatches=0
mi-fallback-ambiguous-boundary@im0: mirroredRows=320/640 direct=83.3ms mirrored=42.9ms speedup median=1.945 p90=2.034 mismatches=0
mi-fallback-budget-exhaustion: mirroredRows=320/640 direct=19345.0ms mirrored=9696.5ms speedup median=2.003 p90=2.041 mismatches=0
mi-scale-6mx-basilica-rim: mirroredRows=320/640 direct=17062.2ms mirrored=8558.7ms speedup median=1.997 p90=2.035 mismatches=0
